["[{\"fdcId\":321611,\"description\":\"Beans, snap, green, canned, regular pack, drained solids\",\"dataType\":\"Foundation\",\"publicationDate\":\"2019-04-01\",\"ndbNumber\":\"11056\",\"foodNutrients\":[{\"number\":\"287\",\"name\":\"Galactose\",\"amount\":0E-8,\"unitName\":\"G\",\"derivationCode\":\"A\",\"derivationDescription\":\"Analytical\"},{\"number\":\"213\",\"name\":\"Lactose\",\"amount\":0E-8,\"unitName\":\"G\",\"derivationCode\":\"A\",\"derivationDescription\":\"Analytical\"},{\"number\":\"255\",\"name\":\"Water\",\"amount\":93.6,\"unitName\":\"G\",\"derivationCode\":\"A\",\"derivationDescription\":\"Analytical\"},{\"number\":\"309\",\"name\":\"Zinc, Zn\",\"amount\":0.190,\"unitName\":\"MG\",\"derivationCode\":\"A\",\"derivationDescription\":\"Analytical\"},{\"number\":\"301\",\"name\":\"Calcium, Ca\",\"amount\":36.0,\"unitName\":\"MG\",\"derivationCode\":\"A\",\"derivationDescription\":\"Analytical\"},{\"number\":\"204\",\"name\":\"Total lipid (fat)\",\"amount\":0.390,\"unitName\":\"G\",\"derivationCode\":\"A\",\"derivationDescription\":\"Analytical\"},{\"number\":\"205\",\"name\":\"Carbohydrate, by difference\",\"amount\":4.11,\"unitName\":\"G\",\"derivationCode\":\"NC\",\"derivationDescription\":\"Calculated\"},{\"number\":\"208\",\"name\":\"Energy\",\"amount\":21.0,\"unitName\":\"KCAL\",\"derivationCode\":\"NC\",\"derivationDescription\":\"Calculated\"},{\"number\":\"210\",\"name\":\"Sucrose\",\"amount\":0E-8,\"unitName\":\"G\",\"derivationCode\":\"A\",\"derivationDescription\":\"Analytical\"},{\"number\":\"211\",\"name\":\"Glucose\",\"amount\":0.650,\"unitName\":\"G\",\"derivationCode\":\"A\",\"derivationDescription\":\"Analytical\"},{\"number\":\"268\",\"name\":\"Energy\",\"amount\":86.0,\"unitName\":\"kJ\",\"derivationCode\":\"NC\",\"derivationDescription\":\"Calculated\"},{\"number\":\"305\",\"name\":\"Phosphorus, P\",\"amount\":23.0,\"unitName\":\"MG\",\"derivationCode\":\"A\",\"derivationDescription\":\"Analytical\"},{\"number\":\"307\",\"name\":\"Sodium, Na\",\"amount\":282,\"unitName\":\"MG\",\"derivationCode\":\"A\",\"derivationDescription\":\"Analytical\"},{\"number\":\"312\",\"name\":\"Copper, Cu\",\"amount\":0.0410,\"unitName\":\"MG\",\"derivationCode\":\"A\",\"derivationDescription\":\"Analytical\"},{\"number\":\"315\",\"name\":\"Manganese, Mn\",\"amount\":0.176,\"unitName\":\"MG\",\"derivationCode\":\"A\",\"derivationDescription\":\"Analytical\"},{\"number\":\"303\",\"name\":\"Iron, Fe\",\"amount\":0.780,\"unitName\":\"MG\",\"derivationCode\":\"A\",\"derivationDescription\":\"Analytical\"},{\"number\":\"212\",\"name\":\"Fructose\",\"amount\":0.640,\"unitName\":\"G\",\"derivationCode\":\"A\",\"derivationDescription\":\"Analytical\"},{\"number\":\"203\",\"name\":\"Protein\",\"amount\":1.04,\"unitName\":\"G\",\"derivationCode\":\"NC\",\"derivationDescription\":\"Calculated\"},{\"number\":\"207\",\"name\":\"Ash\",\"amount\":0.890,\"unitName\":\"G\",\"derivationCode\":\"A\",\"derivationDescription\":\"Analytical\"},{\"number\":\"304\",\"name\":\"Magnesium, Mg\",\"amount\":12.7,\"unitName\":\"MG\",\"derivationCode\":\"A\",\"derivationDescription\":\"Analytical\"},{\"number\":\"214\",\"name\":\"Maltose\",\"amount\":0E-8,\"unitName\":\"G\",\"derivationCode\":\"A\",\"derivationDescription\":\"Analytical\"},{\"number\":\"306\",\"name\":\"Potassium, K\",\"amount\":97.0,\"unitName\":\"MG\",\"derivationCode\":\"A\",\"derivationDescription\":\"Analytical\"},{\"number\":\"202\",\"name\":\"Nitrogen\",\"amount\":0.170,\"unitName\":\"G\",\"derivationCode\":\"A\",\"derivationDescription\":\"Analytical\"},{\"number\":\"269.3\",\"name\":\"Sugars, Total\",\"amount\":1.29,\"unitName\":\"G\",\"derivationCode\":\"AS\",\"derivationDescription\":\"Summed\"}]}]"
]